11:03:17 **** Incremental Build of configuration Debug for project 001_Hello_World ****
make -j12 all 
arm-none-eabi-gcc -o "001_Hello_World.elf" @"objects.list"   -mcpu=cortex-m4 -T"C:\Users\wardawg\Desktop\TEAM AUTOMATONS\Embedded-C\My_Workspace\target\001_Hello_World\STM32F407VGTX_FLASH.ld" --specs=nosys.specs -Wl,-Map="001_Hello_World.map" -Wl,--gc-sections -static -specs=rdimon.specs -lc -lrdimon --specs=nano.specs -mfpu=fpv4-sp-d16 -mfloat-abi=soft -mthumb -Wl,--start-group -lc -lm -Wl,--end-group
C:/ST/STM32CubeIDE_1.11.0/STM32CubeIDE/plugins/com.st.stm32cube.ide.mcu.externaltools.gnu-tools-for-stm32.11.3.rel1.win32_1.1.100.202309141235/tools/bin/../lib/gcc/arm-none-eabi/11.3.1/../../../../arm-none-eabi/bin/ld.exe: C:/ST/STM32CubeIDE_1.11.0/STM32CubeIDE/plugins/com.st.stm32cube.ide.mcu.externaltools.gnu-tools-for-stm32.11.3.rel1.win32_1.1.100.202309141235/tools/bin/../lib/gcc/arm-none-eabi/11.3.1/../../../../arm-none-eabi/lib/thumb/v7e-m/nofp\librdimon_nano.a(rdimon-syscalls.o): in function `_lseek':
(.text._lseek+0x0): multiple definition of `_lseek'; ./Src/syscalls.o:C:/Users/wardawg/Desktop/TEAM AUTOMATONS/Embedded-C/My_Workspace/target/001_Hello_World/Debug/../Src/syscalls.c:113: first defined here
C:/ST/STM32CubeIDE_1.11.0/STM32CubeIDE/plugins/com.st.stm32cube.ide.mcu.externaltools.gnu-tools-for-stm32.11.3.rel1.win32_1.1.100.202309141235/tools/bin/../lib/gcc/arm-none-eabi/11.3.1/../../../../arm-none-eabi/bin/ld.exe: C:/ST/STM32CubeIDE_1.11.0/STM32CubeIDE/plugins/com.st.stm32cube.ide.mcu.externaltools.gnu-tools-for-stm32.11.3.rel1.win32_1.1.100.202309141235/tools/bin/../lib/gcc/arm-none-eabi/11.3.1/../../../../arm-none-eabi/lib/thumb/v7e-m/nofp\librdimon_nano.a(rdimon-syscalls.o): in function `_close':
(.text._close+0x0): multiple definition of `_close'; ./Src/syscalls.o:C:/Users/wardawg/Desktop/TEAM AUTOMATONS/Embedded-C/My_Workspace/target/001_Hello_World/Debug/../Src/syscalls.c:93: first defined here
C:/ST/STM32CubeIDE_1.11.0/STM32CubeIDE/plugins/com.st.stm32cube.ide.mcu.externaltools.gnu-tools-for-stm32.11.3.rel1.win32_1.1.100.202309141235/tools/bin/../lib/gcc/arm-none-eabi/11.3.1/../../../../arm-none-eabi/bin/ld.exe: C:/ST/STM32CubeIDE_1.11.0/STM32CubeIDE/plugins/com.st.stm32cube.ide.mcu.externaltools.gnu-tools-for-stm32.11.3.rel1.win32_1.1.100.202309141235/tools/bin/../lib/gcc/arm-none-eabi/11.3.1/../../../../arm-none-eabi/lib/thumb/v7e-m/nofp\librdimon_nano.a(rdimon-syscalls.o): in function `_open':
(.text._open+0x0): multiple definition of `_open'; ./Src/syscalls.o:C:/Users/wardawg/Desktop/TEAM AUTOMATONS/Embedded-C/My_Workspace/target/001_Hello_World/Debug/../Src/syscalls.c:121: first defined here
C:/ST/STM32CubeIDE_1.11.0/STM32CubeIDE/plugins/com.st.stm32cube.ide.mcu.externaltools.gnu-tools-for-stm32.11.3.rel1.win32_1.1.100.202309141235/tools/bin/../lib/gcc/arm-none-eabi/11.3.1/../../../../arm-none-eabi/bin/ld.exe: C:/ST/STM32CubeIDE_1.11.0/STM32CubeIDE/plugins/com.st.stm32cube.ide.mcu.externaltools.gnu-tools-for-stm32.11.3.rel1.win32_1.1.100.202309141235/tools/bin/../lib/gcc/arm-none-eabi/11.3.1/../../../../arm-none-eabi/lib/thumb/v7e-m/nofp\librdimon_nano.a(rdimon-syscalls.o): in function `initialise_monitor_handles':
(.text.initialise_monitor_handles+0x0): multiple definition of `initialise_monitor_handles'; ./Src/syscalls.o:C:/Users/wardawg/Desktop/TEAM AUTOMATONS/Embedded-C/My_Workspace/target/001_Hello_World/Debug/../Src/syscalls.c:45: first defined here
C:/ST/STM32CubeIDE_1.11.0/STM32CubeIDE/plugins/com.st.stm32cube.ide.mcu.externaltools.gnu-tools-for-stm32.11.3.rel1.win32_1.1.100.202309141235/tools/bin/../lib/gcc/arm-none-eabi/11.3.1/../../../../arm-none-eabi/bin/ld.exe: C:/ST/STM32CubeIDE_1.11.0/STM32CubeIDE/plugins/com.st.stm32cube.ide.mcu.externaltools.gnu-tools-for-stm32.11.3.rel1.win32_1.1.100.202309141235/tools/bin/../lib/gcc/arm-none-eabi/11.3.1/../../../../arm-none-eabi/lib/thumb/v7e-m/nofp\librdimon_nano.a(rdimon-syscalls.o): in function `_unlink':
(.text._unlink+0x0): multiple definition of `_unlink'; ./Src/syscalls.o:C:/Users/wardawg/Desktop/TEAM AUTOMATONS/Embedded-C/My_Workspace/target/001_Hello_World/Debug/../Src/syscalls.c:136: first defined here
C:/ST/STM32CubeIDE_1.11.0/STM32CubeIDE/plugins/com.st.stm32cube.ide.mcu.externaltools.gnu-tools-for-stm32.11.3.rel1.win32_1.1.100.202309141235/tools/bin/../lib/gcc/arm-none-eabi/11.3.1/../../../../arm-none-eabi/bin/ld.exe: C:/ST/STM32CubeIDE_1.11.0/STM32CubeIDE/plugins/com.st.stm32cube.ide.mcu.externaltools.gnu-tools-for-stm32.11.3.rel1.win32_1.1.100.202309141235/tools/bin/../lib/gcc/arm-none-eabi/11.3.1/../../../../arm-none-eabi/lib/thumb/v7e-m/nofp\librdimon_nano.a(rdimon-syscalls.o): in function `_times':
(.text._times+0x0): multiple definition of `_times'; ./Src/syscalls.o:C:/Users/wardawg/Desktop/TEAM AUTOMATONS/Embedded-C/My_Workspace/target/001_Hello_World/Debug/../Src/syscalls.c:143: first defined here
C:/ST/STM32CubeIDE_1.11.0/STM32CubeIDE/plugins/com.st.stm32cube.ide.mcu.externaltools.gnu-tools-for-stm32.11.3.rel1.win32_1.1.100.202309141235/tools/bin/../lib/gcc/arm-none-eabi/11.3.1/../../../../arm-none-eabi/bin/ld.exe: C:/ST/STM32CubeIDE_1.11.0/STM32CubeIDE/plugins/com.st.stm32cube.ide.mcu.externaltools.gnu-tools-for-stm32.11.3.rel1.win32_1.1.100.202309141235/tools/bin/../lib/gcc/arm-none-eabi/11.3.1/../../../../arm-none-eabi/lib/thumb/v7e-m/nofp\librdimon_nano.a(rdimon-syscalls.o): in function `_isatty':
(.text._isatty+0x0): multiple definition of `_isatty'; ./Src/syscalls.o:C:/Users/wardawg/Desktop/TEAM AUTOMATONS/Embedded-C/My_Workspace/target/001_Hello_World/Debug/../Src/syscalls.c:107: first defined here
collect2.exe: error: ld returned 1 exit status
make: *** [makefile:63: 001_Hello_World.elf] Error 1
"make -j12 all" terminated with exit code 2. Build might be incomplete.
11:03:40 **** Clean-only build of configuration Debug for project 001_Hello_World ****
make -j12 clean 
rm -rf ./Startup/startup_stm32f407vgtx.d ./Startup/startup_stm32f407vgtx.o
rm -rf ./Src/main.cyclo ./Src/main.d ./Src/main.o ./Src/main.su ./Src/syscalls.cyclo ./Src/syscalls.d ./Src/syscalls.o ./Src/syscalls.su ./Src/sysmem.cyclo ./Src/sysmem.d ./Src/sysmem.o ./Src/sysmem.su
rm -rf 001_Hello_World.elf 001_Hello_World.list 001_Hello_World.map default.size.stdout
 
11:03:41 **** Incremental Build of configuration Debug for project 001_Hello_World ****
make -j12 all 
arm-none-eabi-gcc -mcpu=cortex-m4 -g3 -DDEBUG -c -x assembler-with-cpp -MMD -MP -MF"Startup/startup_stm32f407vgtx.d" -MT"Startup/startup_stm32f407vgtx.o" --specs=nano.specs -mfpu=fpv4-sp-d16 -mfloat-abi=soft -mthumb -o "Startup/startup_stm32f407vgtx.o" "../Startup/startup_stm32f407vgtx.s"
arm-none-eabi-gcc "../Src/main.c" -mcpu=cortex-m4 -std=gnu11 -g3 -DDEBUG -DSTM32 -DSTM32F407G_DISC1 -DSTM32F4 -DSTM32F407VGTx -c -I../Inc -O0 -ffunction-sections -fdata-sections -Wall -fstack-usage -fcyclomatic-complexity -MMD -MP -MF"Src/main.d" -MT"Src/main.o" --specs=nano.specs -mfpu=fpv4-sp-d16 -mfloat-abi=soft -mthumb -o "Src/main.o"
arm-none-eabi-gcc "../Src/syscalls.c" -mcpu=cortex-m4 -std=gnu11 -g3 -DDEBUG -DSTM32 -DSTM32F407G_DISC1 -DSTM32F4 -DSTM32F407VGTx -c -I../Inc -O0 -ffunction-sections -fdata-sections -Wall -fstack-usage -fcyclomatic-complexity -MMD -MP -MF"Src/syscalls.d" -MT"Src/syscalls.o" --specs=nano.specs -mfpu=fpv4-sp-d16 -mfloat-abi=soft -mthumb -o "Src/syscalls.o"
arm-none-eabi-gcc -o "001_Hello_World.elf" @"objects.list"   -mcpu=cortex-m4 -T"C:\Users\wardawg\Desktop\TEAM AUTOMATONS\Embedded-C\My_Workspace\target\001_Hello_World\STM32F407VGTX_FLASH.ld" --specs=nosys.specs -Wl,-Map="001_Hello_World.map" -Wl,--gc-sections -static -specs=rdimon.specs -lc -lrdimon --specs=nano.specs -mfpu=fpv4-sp-d16 -mfloat-abi=soft -mthumb -Wl,--start-group -lc -lm -Wl,--end-group
C:/ST/STM32CubeIDE_1.11.0/STM32CubeIDE/plugins/com.st.stm32cube.ide.mcu.externaltools.gnu-tools-for-stm32.11.3.rel1.win32_1.1.100.202309141235/tools/bin/../lib/gcc/arm-none-eabi/11.3.1/../../../../arm-none-eabi/bin/ld.exe: C:/ST/STM32CubeIDE_1.11.0/STM32CubeIDE/plugins/com.st.stm32cube.ide.mcu.externaltools.gnu-tools-for-stm32.11.3.rel1.win32_1.1.100.202309141235/tools/bin/../lib/gcc/arm-none-eabi/11.3.1/../../../../arm-none-eabi/lib/thumb/v7e-m/nofp\librdimon_nano.a(rdimon-syscalls.o): in function `_lseek':
(.text._lseek+0x0): multiple definition of `_lseek'; ./Src/syscalls.o:C:/Users/wardawg/Desktop/TEAM AUTOMATONS/Embedded-C/My_Workspace/target/001_Hello_World/Debug/../Src/syscalls.c:113: first defined here
C:/ST/STM32CubeIDE_1.11.0/STM32CubeIDE/plugins/com.st.stm32cube.ide.mcu.externaltools.gnu-tools-for-stm32.11.3.rel1.win32_1.1.100.202309141235/tools/bin/../lib/gcc/arm-none-eabi/11.3.1/../../../../arm-none-eabi/bin/ld.exe: C:/ST/STM32CubeIDE_1.11.0/STM32CubeIDE/plugins/com.st.stm32cube.ide.mcu.externaltools.gnu-tools-for-stm32.11.3.rel1.win32_1.1.100.202309141235/tools/bin/../lib/gcc/arm-none-eabi/11.3.1/../../../../arm-none-eabi/lib/thumb/v7e-m/nofp\librdimon_nano.a(rdimon-syscalls.o): in function `_close':
(.text._close+0x0): multiple definition of `_close'; ./Src/syscalls.o:C:/Users/wardawg/Desktop/TEAM AUTOMATONS/Embedded-C/My_Workspace/target/001_Hello_World/Debug/../Src/syscalls.c:93: first defined here
C:/ST/STM32CubeIDE_1.11.0/STM32CubeIDE/plugins/com.st.stm32cube.ide.mcu.externaltools.gnu-tools-for-stm32.11.3.rel1.win32_1.1.100.202309141235/tools/bin/../lib/gcc/arm-none-eabi/11.3.1/../../../../arm-none-eabi/bin/ld.exe: C:/ST/STM32CubeIDE_1.11.0/STM32CubeIDE/plugins/com.st.stm32cube.ide.mcu.externaltools.gnu-tools-for-stm32.11.3.rel1.win32_1.1.100.202309141235/tools/bin/../lib/gcc/arm-none-eabi/11.3.1/../../../../arm-none-eabi/lib/thumb/v7e-m/nofp\librdimon_nano.a(rdimon-syscalls.o): in function `_open':
(.text._open+0x0): multiple definition of `_open'; ./Src/syscalls.o:C:/Users/wardawg/Desktop/TEAM AUTOMATONS/Embedded-C/My_Workspace/target/001_Hello_World/Debug/../Src/syscalls.c:121: first defined here
C:/ST/STM32CubeIDE_1.11.0/STM32CubeIDE/plugins/com.st.stm32cube.ide.mcu.externaltools.gnu-tools-for-stm32.11.3.rel1.win32_1.1.100.202309141235/tools/bin/../lib/gcc/arm-none-eabi/11.3.1/../../../../arm-none-eabi/bin/ld.exe: C:/ST/STM32CubeIDE_1.11.0/STM32CubeIDE/plugins/com.st.stm32cube.ide.mcu.externaltools.gnu-tools-for-stm32.11.3.rel1.win32_1.1.100.202309141235/tools/bin/../lib/gcc/arm-none-eabi/11.3.1/../../../../arm-none-eabi/lib/thumb/v7e-m/nofp\librdimon_nano.a(rdimon-syscalls.o): in function `initialise_monitor_handles':
(.text.initialise_monitor_handles+0x0): multiple definition of `initialise_monitor_handles'; ./Src/syscalls.o:C:/Users/wardawg/Desktop/TEAM AUTOMATONS/Embedded-C/My_Workspace/target/001_Hello_World/Debug/../Src/syscalls.c:45: first defined here
C:/ST/STM32CubeIDE_1.11.0/STM32CubeIDE/plugins/com.st.stm32cube.ide.mcu.externaltools.gnu-tools-for-stm32.11.3.rel1.win32_1.1.100.202309141235/tools/bin/../lib/gcc/arm-none-eabi/11.3.1/../../../../arm-none-eabi/bin/ld.exe: C:/ST/STM32CubeIDE_1.11.0/STM32CubeIDE/plugins/com.st.stm32cube.ide.mcu.externaltools.gnu-tools-for-stm32.11.3.rel1.win32_1.1.100.202309141235/tools/bin/../lib/gcc/arm-none-eabi/11.3.1/../../../../arm-none-eabi/lib/thumb/v7e-m/nofp\librdimon_nano.a(rdimon-syscalls.o): in function `_unlink':
(.text._unlink+0x0): multiple definition of `_unlink'; ./Src/syscalls.o:C:/Users/wardawg/Desktop/TEAM AUTOMATONS/Embedded-C/My_Workspace/target/001_Hello_World/Debug/../Src/syscalls.c:136: first defined here
C:/ST/STM32CubeIDE_1.11.0/STM32CubeIDE/plugins/com.st.stm32cube.ide.mcu.externaltools.gnu-tools-for-stm32.11.3.rel1.win32_1.1.100.202309141235/tools/bin/../lib/gcc/arm-none-eabi/11.3.1/../../../../arm-none-eabi/bin/ld.exe: C:/ST/STM32CubeIDE_1.11.0/STM32CubeIDE/plugins/com.st.stm32cube.ide.mcu.externaltools.gnu-tools-for-stm32.11.3.rel1.win32_1.1.100.202309141235/tools/bin/../lib/gcc/arm-none-eabi/11.3.1/../../../../arm-none-eabi/lib/thumb/v7e-m/nofp\librdimon_nano.a(rdimon-syscalls.o): in function `_times':
(.text._times+0x0): multiple definition of `_times'; ./Src/syscalls.o:C:/Users/wardawg/Desktop/TEAM AUTOMATONS/Embedded-C/My_Workspace/target/001_Hello_World/Debug/../Src/syscalls.c:143: first defined here
C:/ST/STM32CubeIDE_1.11.0/STM32CubeIDE/plugins/com.st.stm32cube.ide.mcu.externaltools.gnu-tools-for-stm32.11.3.rel1.win32_1.1.100.202309141235/tools/bin/../lib/gcc/arm-none-eabi/11.3.1/../../../../arm-none-eabi/bin/ld.exe: C:/ST/STM32CubeIDE_1.11.0/STM32CubeIDE/plugins/com.st.stm32cube.ide.mcu.externaltools.gnu-tools-for-stm32.11.3.rel1.win32_1.1.100.202309141235/tools/bin/../lib/gcc/arm-none-eabi/11.3.1/../../../../arm-none-eabi/lib/thumb/v7e-m/nofp\librdimon_nano.a(rdimon-syscalls.o): in function `_isatty':
(.text._isatty+0x0): multiple definition of `_isatty'; ./Src/syscalls.o:C:/Users/wardawg/Desktop/TEAM AUTOMATONS/Embedded-C/My_Workspace/target/001_Hello_World/Debug/../Src/syscalls.c:107: first defined here
collect2.exe: error: ld returned 1 exit status
make: *** [makefile:63: 001_Hello_World.elf] Error 1
"make -j12 all" terminated with exit code 2. Build might be incomplete.
11:03:48 **** Clean-only build of configuration Debug for project 001_Hello_World ****
make -j12 clean 
rm -rf ./Startup/startup_stm32f407vgtx.d ./Startup/startup_stm32f407vgtx.o
rm -rf ./Src/main.cyclo ./Src/main.d ./Src/main.o ./Src/main.su ./Src/syscalls.cyclo ./Src/syscalls.d ./Src/syscalls.o ./Src/syscalls.su
rm -rf 001_Hello_World.elf 001_Hello_World.list 001_Hello_World.map default.size.stdout
 
11:03:48 **** Incremental Build of configuration Debug for project 001_Hello_World ****
make -j12 all 
arm-none-eabi-gcc -mcpu=cortex-m4 -g3 -DDEBUG -c -x assembler-with-cpp -MMD -MP -MF"Startup/startup_stm32f407vgtx.d" -MT"Startup/startup_stm32f407vgtx.o" --specs=nano.specs -mfpu=fpv4-sp-d16 -mfloat-abi=soft -mthumb -o "Startup/startup_stm32f407vgtx.o" "../Startup/startup_stm32f407vgtx.s"
arm-none-eabi-gcc "../Src/main.c" -mcpu=cortex-m4 -std=gnu11 -g3 -DDEBUG -DSTM32 -DSTM32F407G_DISC1 -DSTM32F4 -DSTM32F407VGTx -c -I../Inc -O0 -ffunction-sections -fdata-sections -Wall -fstack-usage -fcyclomatic-complexity -MMD -MP -MF"Src/main.d" -MT"Src/main.o" --specs=nano.specs -mfpu=fpv4-sp-d16 -mfloat-abi=soft -mthumb -o "Src/main.o"
arm-none-eabi-gcc -o "001_Hello_World.elf" @"objects.list"   -mcpu=cortex-m4 -T"C:\Users\wardawg\Desktop\TEAM AUTOMATONS\Embedded-C\My_Workspace\target\001_Hello_World\STM32F407VGTX_FLASH.ld" --specs=nosys.specs -Wl,-Map="001_Hello_World.map" -Wl,--gc-sections -static -specs=rdimon.specs -lc -lrdimon --specs=nano.specs -mfpu=fpv4-sp-d16 -mfloat-abi=soft -mthumb -Wl,--start-group -lc -lm -Wl,--end-group
Finished building target: 001_Hello_World.elf
 
arm-none-eabi-size  001_Hello_World.elf 
arm-none-eabi-objdump -h -S 001_Hello_World.elf  > "001_Hello_World.list"
   text	   data	    bss	    dec	    hex	filename
   4428	    112	   2072	   6612	   19d4	001_Hello_World.elf
Finished building: default.size.stdout
 
Finished building: 001_Hello_World.list
 
11:03:50 **** Incremental Build of configuration Debug for project 001_Hello_World ****
make -j12 all 
arm-none-eabi-size  001_Hello_World.elf 
   text	   data	    bss	    dec	    hex	filename
   4428	    112	   2072	   6612	   19d4	001_Hello_World.elf
Finished building: default.size.stdout
 
11:18:44 **** Incremental Build of configuration Debug for project 001_Hello_World ****
make -j12 all 
arm-none-eabi-gcc "../Src/main.c" -mcpu=cortex-m4 -std=gnu11 -g3 -DDEBUG -DSTM32 -DSTM32F407G_DISC1 -DSTM32F4 -DSTM32F407VGTx -c -I../Inc -O0 -ffunction-sections -fdata-sections -Wall -fstack-usage -fcyclomatic-complexity -MMD -MP -MF"Src/main.d" -MT"Src/main.o" --specs=nano.specs -mfpu=fpv4-sp-d16 -mfloat-abi=soft -mthumb -o "Src/main.o"
arm-none-eabi-gcc -o "001_Hello_World.elf" @"objects.list"   -mcpu=cortex-m4 -T"C:\Users\wardawg\Desktop\TEAM AUTOMATONS\Embedded-C\My_Workspace\target\001_Hello_World\STM32F407VGTX_FLASH.ld" --specs=nosys.specs -Wl,-Map="001_Hello_World.map" -Wl,--gc-sections -static -specs=rdimon.specs -lc -lrdimon --specs=nano.specs -mfpu=fpv4-sp-d16 -mfloat-abi=soft -mthumb -Wl,--start-group -lc -lm -Wl,--end-group
Finished building target: 001_Hello_World.elf
 
arm-none-eabi-size  001_Hello_World.elf 
arm-none-eabi-objdump -h -S 001_Hello_World.elf  > "001_Hello_World.list"
   text	   data	    bss	    dec	    hex	filename
   6288	    112	   2072	   8472	   2118	001_Hello_World.elf
Finished building: default.size.stdout
 
Finished building: 001_Hello_World.list
 
11:18:47 **** Incremental Build of configuration Debug for project 001_Hello_World ****
make -j12 all 
arm-none-eabi-size  001_Hello_World.elf 
   text	   data	    bss	    dec	    hex	filename
   6288	    112	   2072	   8472	   2118	001_Hello_World.elf
Finished building: default.size.stdout
 
