11:03:17 **** Incremental Build of configuration Debug for project 001_Hello_World ****
make -j12 all 
arm-none-eabi-gcc -o "001_Hello_World.elf" @"objects.list"   -mcpu=cortex-m4 -T"C:\Users\wardawg\Desktop\TEAM AUTOMATONS\Embedded-C\My_Workspace\target\001_Hello_World\STM32F407VGTX_FLASH.ld" --specs=nosys.specs -Wl,-Map="001_Hello_World.map" -Wl,--gc-sections -static -specs=rdimon.specs -lc -lrdimon --specs=nano.specs -mfpu=fpv4-sp-d16 -mfloat-abi=soft -mthumb -Wl,--start-group -lc -lm -Wl,--end-group
C:/ST/STM32CubeIDE_1.11.0/STM32CubeIDE/plugins/com.st.stm32cube.ide.mcu.externaltools.gnu-tools-for-stm32.11.3.rel1.win32_1.1.100.202309141235/tools/bin/../lib/gcc/arm-none-eabi/11.3.1/../../../../arm-none-eabi/bin/ld.exe: C:/ST/STM32CubeIDE_1.11.0/STM32CubeIDE/plugins/com.st.stm32cube.ide.mcu.externaltools.gnu-tools-for-stm32.11.3.rel1.win32_1.1.100.202309141235/tools/bin/../lib/gcc/arm-none-eabi/11.3.1/../../../../arm-none-eabi/lib/thumb/v7e-m/nofp\librdimon_nano.a(rdimon-syscalls.o): in function `_lseek':
(.text._lseek+0x0): multiple definition of `_lseek'; ./Src/syscalls.o:C:/Users/wardawg/Desktop/TEAM AUTOMATONS/Embedded-C/My_Workspace/target/001_Hello_World/Debug/../Src/syscalls.c:113: first defined here
C:/ST/STM32CubeIDE_1.11.0/STM32CubeIDE/plugins/com.st.stm32cube.ide.mcu.externaltools.gnu-tools-for-stm32.11.3.rel1.win32_1.1.100.202309141235/tools/bin/../lib/gcc/arm-none-eabi/11.3.1/../../../../arm-none-eabi/bin/ld.exe: C:/ST/STM32CubeIDE_1.11.0/STM32CubeIDE/plugins/com.st.stm32cube.ide.mcu.externaltools.gnu-tools-for-stm32.11.3.rel1.win32_1.1.100.202309141235/tools/bin/../lib/gcc/arm-none-eabi/11.3.1/../../../../arm-none-eabi/lib/thumb/v7e-m/nofp\librdimon_nano.a(rdimon-syscalls.o): in function `_close':
(.text._close+0x0): multiple definition of `_close'; ./Src/syscalls.o:C:/Users/wardawg/Desktop/TEAM AUTOMATONS/Embedded-C/My_Workspace/target/001_Hello_World/Debug/../Src/syscalls.c:93: first defined here
C:/ST/STM32CubeIDE_1.11.0/STM32CubeIDE/plugins/com.st.stm32cube.ide.mcu.externaltools.gnu-tools-for-stm32.11.3.rel1.win32_1.1.100.202309141235/tools/bin/../lib/gcc/arm-none-eabi/11.3.1/../../../../arm-none-eabi/bin/ld.exe: C:/ST/STM32CubeIDE_1.11.0/STM32CubeIDE/plugins/com.st.stm32cube.ide.mcu.externaltools.gnu-tools-for-stm32.11.3.rel1.win32_1.1.100.202309141235/tools/bin/../lib/gcc/arm-none-eabi/11.3.1/../../../../arm-none-eabi/lib/thumb/v7e-m/nofp\librdimon_nano.a(rdimon-syscalls.o): in function `_open':
(.text._open+0x0): multiple definition of `_open'; ./Src/syscalls.o:C:/Users/wardawg/Desktop/TEAM AUTOMATONS/Embedded-C/My_Workspace/target/001_Hello_World/Debug/../Src/syscalls.c:121: first defined here
C:/ST/STM32CubeIDE_1.11.0/STM32CubeIDE/plugins/com.st.stm32cube.ide.mcu.externaltools.gnu-tools-for-stm32.11.3.rel1.win32_1.1.100.202309141235/tools/bin/../lib/gcc/arm-none-eabi/11.3.1/../../../../arm-none-eabi/bin/ld.exe: C:/ST/STM32CubeIDE_1.11.0/STM32CubeIDE/plugins/com.st.stm32cube.ide.mcu.externaltools.gnu-tools-for-stm32.11.3.rel1.win32_1.1.100.202309141235/tools/bin/../lib/gcc/arm-none-eabi/11.3.1/../../../../arm-none-eabi/lib/thumb/v7e-m/nofp\librdimon_nano.a(rdimon-syscalls.o): in function `initialise_monitor_handles':
(.text.initialise_monitor_handles+0x0): multiple definition of `initialise_monitor_handles'; ./Src/syscalls.o:C:/Users/wardawg/Desktop/TEAM AUTOMATONS/Embedded-C/My_Workspace/target/001_Hello_World/Debug/../Src/syscalls.c:45: first defined here
C:/ST/STM32CubeIDE_1.11.0/STM32CubeIDE/plugins/com.st.stm32cube.ide.mcu.externaltools.gnu-tools-for-stm32.11.3.rel1.win32_1.1.100.202309141235/tools/bin/../lib/gcc/arm-none-eabi/11.3.1/../../../../arm-none-eabi/bin/ld.exe: C:/ST/STM32CubeIDE_1.11.0/STM32CubeIDE/plugins/com.st.stm32cube.ide.mcu.externaltools.gnu-tools-for-stm32.11.3.rel1.win32_1.1.100.202309141235/tools/bin/../lib/gcc/arm-none-eabi/11.3.1/../../../../arm-none-eabi/lib/thumb/v7e-m/nofp\librdimon_nano.a(rdimon-syscalls.o): in function `_unlink':
(.text._unlink+0x0): multiple definition of `_unlink'; ./Src/syscalls.o:C:/Users/wardawg/Desktop/TEAM AUTOMATONS/Embedded-C/My_Workspace/target/001_Hello_World/Debug/../Src/syscalls.c:136: first defined here
C:/ST/STM32CubeIDE_1.11.0/STM32CubeIDE/plugins/com.st.stm32cube.ide.mcu.externaltools.gnu-tools-for-stm32.11.3.rel1.win32_1.1.100.202309141235/tools/bin/../lib/gcc/arm-none-eabi/11.3.1/../../../../arm-none-eabi/bin/ld.exe: C:/ST/STM32CubeIDE_1.11.0/STM32CubeIDE/plugins/com.st.stm32cube.ide.mcu.externaltools.gnu-tools-for-stm32.11.3.rel1.win32_1.1.100.202309141235/tools/bin/../lib/gcc/arm-none-eabi/11.3.1/../../../../arm-none-eabi/lib/thumb/v7e-m/nofp\librdimon_nano.a(rdimon-syscalls.o): in function `_times':
(.text._times+0x0): multiple definition of `_times'; ./Src/syscalls.o:C:/Users/wardawg/Desktop/TEAM AUTOMATONS/Embedded-C/My_Workspace/target/001_Hello_World/Debug/../Src/syscalls.c:143: first defined here
C:/ST/STM32CubeIDE_1.11.0/STM32CubeIDE/plugins/com.st.stm32cube.ide.mcu.externaltools.gnu-tools-for-stm32.11.3.rel1.win32_1.1.100.202309141235/tools/bin/../lib/gcc/arm-none-eabi/11.3.1/../../../../arm-none-eabi/bin/ld.exe: C:/ST/STM32CubeIDE_1.11.0/STM32CubeIDE/plugins/com.st.stm32cube.ide.mcu.externaltools.gnu-tools-for-stm32.11.3.rel1.win32_1.1.100.202309141235/tools/bin/../lib/gcc/arm-none-eabi/11.3.1/../../../../arm-none-eabi/lib/thumb/v7e-m/nofp\librdimon_nano.a(rdimon-syscalls.o): in function `_isatty':
(.text._isatty+0x0): multiple definition of `_isatty'; ./Src/syscalls.o:C:/Users/wardawg/Desktop/TEAM AUTOMATONS/Embedded-C/My_Workspace/target/001_Hello_World/Debug/../Src/syscalls.c:107: first defined here
collect2.exe: error: ld returned 1 exit status
make: *** [makefile:63: 001_Hello_World.elf] Error 1
"make -j12 all" terminated with exit code 2. Build might be incomplete.
11:03:40 **** Clean-only build of configuration Debug for project 001_Hello_World ****
make -j12 clean 
rm -rf ./Startup/startup_stm32f407vgtx.d ./Startup/startup_stm32f407vgtx.o
rm -rf ./Src/main.cyclo ./Src/main.d ./Src/main.o ./Src/main.su ./Src/syscalls.cyclo ./Src/syscalls.d ./Src/syscalls.o ./Src/syscalls.su ./Src/sysmem.cyclo ./Src/sysmem.d ./Src/sysmem.o ./Src/sysmem.su
rm -rf 001_Hello_World.elf 001_Hello_World.list 001_Hello_World.map default.size.stdout
 
11:03:41 **** Incremental Build of configuration Debug for project 001_Hello_World ****
make -j12 all 
arm-none-eabi-gcc -mcpu=cortex-m4 -g3 -DDEBUG -c -x assembler-with-cpp -MMD -MP -MF"Startup/startup_stm32f407vgtx.d" -MT"Startup/startup_stm32f407vgtx.o" --specs=nano.specs -mfpu=fpv4-sp-d16 -mfloat-abi=soft -mthumb -o "Startup/startup_stm32f407vgtx.o" "../Startup/startup_stm32f407vgtx.s"
arm-none-eabi-gcc "../Src/main.c" -mcpu=cortex-m4 -std=gnu11 -g3 -DDEBUG -DSTM32 -DSTM32F407G_DISC1 -DSTM32F4 -DSTM32F407VGTx -c -I../Inc -O0 -ffunction-sections -fdata-sections -Wall -fstack-usage -fcyclomatic-complexity -MMD -MP -MF"Src/main.d" -MT"Src/main.o" --specs=nano.specs -mfpu=fpv4-sp-d16 -mfloat-abi=soft -mthumb -o "Src/main.o"
arm-none-eabi-gcc "../Src/syscalls.c" -mcpu=cortex-m4 -std=gnu11 -g3 -DDEBUG -DSTM32 -DSTM32F407G_DISC1 -DSTM32F4 -DSTM32F407VGTx -c -I../Inc -O0 -ffunction-sections -fdata-sections -Wall -fstack-usage -fcyclomatic-complexity -MMD -MP -MF"Src/syscalls.d" -MT"Src/syscalls.o" --specs=nano.specs -mfpu=fpv4-sp-d16 -mfloat-abi=soft -mthumb -o "Src/syscalls.o"
arm-none-eabi-gcc -o "001_Hello_World.elf" @"objects.list"   -mcpu=cortex-m4 -T"C:\Users\wardawg\Desktop\TEAM AUTOMATONS\Embedded-C\My_Workspace\target\001_Hello_World\STM32F407VGTX_FLASH.ld" --specs=nosys.specs -Wl,-Map="001_Hello_World.map" -Wl,--gc-sections -static -specs=rdimon.specs -lc -lrdimon --specs=nano.specs -mfpu=fpv4-sp-d16 -mfloat-abi=soft -mthumb -Wl,--start-group -lc -lm -Wl,--end-group
C:/ST/STM32CubeIDE_1.11.0/STM32CubeIDE/plugins/com.st.stm32cube.ide.mcu.externaltools.gnu-tools-for-stm32.11.3.rel1.win32_1.1.100.202309141235/tools/bin/../lib/gcc/arm-none-eabi/11.3.1/../../../../arm-none-eabi/bin/ld.exe: C:/ST/STM32CubeIDE_1.11.0/STM32CubeIDE/plugins/com.st.stm32cube.ide.mcu.externaltools.gnu-tools-for-stm32.11.3.rel1.win32_1.1.100.202309141235/tools/bin/../lib/gcc/arm-none-eabi/11.3.1/../../../../arm-none-eabi/lib/thumb/v7e-m/nofp\librdimon_nano.a(rdimon-syscalls.o): in function `_lseek':
(.text._lseek+0x0): multiple definition of `_lseek'; ./Src/syscalls.o:C:/Users/wardawg/Desktop/TEAM AUTOMATONS/Embedded-C/My_Workspace/target/001_Hello_World/Debug/../Src/syscalls.c:113: first defined here
C:/ST/STM32CubeIDE_1.11.0/STM32CubeIDE/plugins/com.st.stm32cube.ide.mcu.externaltools.gnu-tools-for-stm32.11.3.rel1.win32_1.1.100.202309141235/tools/bin/../lib/gcc/arm-none-eabi/11.3.1/../../../../arm-none-eabi/bin/ld.exe: C:/ST/STM32CubeIDE_1.11.0/STM32CubeIDE/plugins/com.st.stm32cube.ide.mcu.externaltools.gnu-tools-for-stm32.11.3.rel1.win32_1.1.100.202309141235/tools/bin/../lib/gcc/arm-none-eabi/11.3.1/../../../../arm-none-eabi/lib/thumb/v7e-m/nofp\librdimon_nano.a(rdimon-syscalls.o): in function `_close':
(.text._close+0x0): multiple definition of `_close'; ./Src/syscalls.o:C:/Users/wardawg/Desktop/TEAM AUTOMATONS/Embedded-C/My_Workspace/target/001_Hello_World/Debug/../Src/syscalls.c:93: first defined here
C:/ST/STM32CubeIDE_1.11.0/STM32CubeIDE/plugins/com.st.stm32cube.ide.mcu.externaltools.gnu-tools-for-stm32.11.3.rel1.win32_1.1.100.202309141235/tools/bin/../lib/gcc/arm-none-eabi/11.3.1/../../../../arm-none-eabi/bin/ld.exe: C:/ST/STM32CubeIDE_1.11.0/STM32CubeIDE/plugins/com.st.stm32cube.ide.mcu.externaltools.gnu-tools-for-stm32.11.3.rel1.win32_1.1.100.202309141235/tools/bin/../lib/gcc/arm-none-eabi/11.3.1/../../../../arm-none-eabi/lib/thumb/v7e-m/nofp\librdimon_nano.a(rdimon-syscalls.o): in function `_open':
(.text._open+0x0): multiple definition of `_open'; ./Src/syscalls.o:C:/Users/wardawg/Desktop/TEAM AUTOMATONS/Embedded-C/My_Workspace/target/001_Hello_World/Debug/../Src/syscalls.c:121: first defined here
C:/ST/STM32CubeIDE_1.11.0/STM32CubeIDE/plugins/com.st.stm32cube.ide.mcu.externaltools.gnu-tools-for-stm32.11.3.rel1.win32_1.1.100.202309141235/tools/bin/../lib/gcc/arm-none-eabi/11.3.1/../../../../arm-none-eabi/bin/ld.exe: C:/ST/STM32CubeIDE_1.11.0/STM32CubeIDE/plugins/com.st.stm32cube.ide.mcu.externaltools.gnu-tools-for-stm32.11.3.rel1.win32_1.1.100.202309141235/tools/bin/../lib/gcc/arm-none-eabi/11.3.1/../../../../arm-none-eabi/lib/thumb/v7e-m/nofp\librdimon_nano.a(rdimon-syscalls.o): in function `initialise_monitor_handles':
(.text.initialise_monitor_handles+0x0): multiple definition of `initialise_monitor_handles'; ./Src/syscalls.o:C:/Users/wardawg/Desktop/TEAM AUTOMATONS/Embedded-C/My_Workspace/target/001_Hello_World/Debug/../Src/syscalls.c:45: first defined here
C:/ST/STM32CubeIDE_1.11.0/STM32CubeIDE/plugins/com.st.stm32cube.ide.mcu.externaltools.gnu-tools-for-stm32.11.3.rel1.win32_1.1.100.202309141235/tools/bin/../lib/gcc/arm-none-eabi/11.3.1/../../../../arm-none-eabi/bin/ld.exe: C:/ST/STM32CubeIDE_1.11.0/STM32CubeIDE/plugins/com.st.stm32cube.ide.mcu.externaltools.gnu-tools-for-stm32.11.3.rel1.win32_1.1.100.202309141235/tools/bin/../lib/gcc/arm-none-eabi/11.3.1/../../../../arm-none-eabi/lib/thumb/v7e-m/nofp\librdimon_nano.a(rdimon-syscalls.o): in function `_unlink':
(.text._unlink+0x0): multiple definition of `_unlink'; ./Src/syscalls.o:C:/Users/wardawg/Desktop/TEAM AUTOMATONS/Embedded-C/My_Workspace/target/001_Hello_World/Debug/../Src/syscalls.c:136: first defined here
C:/ST/STM32CubeIDE_1.11.0/STM32CubeIDE/plugins/com.st.stm32cube.ide.mcu.externaltools.gnu-tools-for-stm32.11.3.rel1.win32_1.1.100.202309141235/tools/bin/../lib/gcc/arm-none-eabi/11.3.1/../../../../arm-none-eabi/bin/ld.exe: C:/ST/STM32CubeIDE_1.11.0/STM32CubeIDE/plugins/com.st.stm32cube.ide.mcu.externaltools.gnu-tools-for-stm32.11.3.rel1.win32_1.1.100.202309141235/tools/bin/../lib/gcc/arm-none-eabi/11.3.1/../../../../arm-none-eabi/lib/thumb/v7e-m/nofp\librdimon_nano.a(rdimon-syscalls.o): in function `_times':
(.text._times+0x0): multiple definition of `_times'; ./Src/syscalls.o:C:/Users/wardawg/Desktop/TEAM AUTOMATONS/Embedded-C/My_Workspace/target/001_Hello_World/Debug/../Src/syscalls.c:143: first defined here
C:/ST/STM32CubeIDE_1.11.0/STM32CubeIDE/plugins/com.st.stm32cube.ide.mcu.externaltools.gnu-tools-for-stm32.11.3.rel1.win32_1.1.100.202309141235/tools/bin/../lib/gcc/arm-none-eabi/11.3.1/../../../../arm-none-eabi/bin/ld.exe: C:/ST/STM32CubeIDE_1.11.0/STM32CubeIDE/plugins/com.st.stm32cube.ide.mcu.externaltools.gnu-tools-for-stm32.11.3.rel1.win32_1.1.100.202309141235/tools/bin/../lib/gcc/arm-none-eabi/11.3.1/../../../../arm-none-eabi/lib/thumb/v7e-m/nofp\librdimon_nano.a(rdimon-syscalls.o): in function `_isatty':
(.text._isatty+0x0): multiple definition of `_isatty'; ./Src/syscalls.o:C:/Users/wardawg/Desktop/TEAM AUTOMATONS/Embedded-C/My_Workspace/target/001_Hello_World/Debug/../Src/syscalls.c:107: first defined here
collect2.exe: error: ld returned 1 exit status
make: *** [makefile:63: 001_Hello_World.elf] Error 1
"make -j12 all" terminated with exit code 2. Build might be incomplete.
11:03:48 **** Clean-only build of configuration Debug for project 001_Hello_World ****
make -j12 clean 
rm -rf ./Startup/startup_stm32f407vgtx.d ./Startup/startup_stm32f407vgtx.o
rm -rf ./Src/main.cyclo ./Src/main.d ./Src/main.o ./Src/main.su ./Src/syscalls.cyclo ./Src/syscalls.d ./Src/syscalls.o ./Src/syscalls.su
rm -rf 001_Hello_World.elf 001_Hello_World.list 001_Hello_World.map default.size.stdout
 
11:03:48 **** Incremental Build of configuration Debug for project 001_Hello_World ****
make -j12 all 
arm-none-eabi-gcc -mcpu=cortex-m4 -g3 -DDEBUG -c -x assembler-with-cpp -MMD -MP -MF"Startup/startup_stm32f407vgtx.d" -MT"Startup/startup_stm32f407vgtx.o" --specs=nano.specs -mfpu=fpv4-sp-d16 -mfloat-abi=soft -mthumb -o "Startup/startup_stm32f407vgtx.o" "../Startup/startup_stm32f407vgtx.s"
arm-none-eabi-gcc "../Src/main.c" -mcpu=cortex-m4 -std=gnu11 -g3 -DDEBUG -DSTM32 -DSTM32F407G_DISC1 -DSTM32F4 -DSTM32F407VGTx -c -I../Inc -O0 -ffunction-sections -fdata-sections -Wall -fstack-usage -fcyclomatic-complexity -MMD -MP -MF"Src/main.d" -MT"Src/main.o" --specs=nano.specs -mfpu=fpv4-sp-d16 -mfloat-abi=soft -mthumb -o "Src/main.o"
arm-none-eabi-gcc -o "001_Hello_World.elf" @"objects.list"   -mcpu=cortex-m4 -T"C:\Users\wardawg\Desktop\TEAM AUTOMATONS\Embedded-C\My_Workspace\target\001_Hello_World\STM32F407VGTX_FLASH.ld" --specs=nosys.specs -Wl,-Map="001_Hello_World.map" -Wl,--gc-sections -static -specs=rdimon.specs -lc -lrdimon --specs=nano.specs -mfpu=fpv4-sp-d16 -mfloat-abi=soft -mthumb -Wl,--start-group -lc -lm -Wl,--end-group
Finished building target: 001_Hello_World.elf
 
arm-none-eabi-size  001_Hello_World.elf 
arm-none-eabi-objdump -h -S 001_Hello_World.elf  > "001_Hello_World.list"
   text	   data	    bss	    dec	    hex	filename
   4428	    112	   2072	   6612	   19d4	001_Hello_World.elf
Finished building: default.size.stdout
 
Finished building: 001_Hello_World.list
 
11:03:50 **** Incremental Build of configuration Debug for project 001_Hello_World ****
make -j12 all 
arm-none-eabi-size  001_Hello_World.elf 
   text	   data	    bss	    dec	    hex	filename
   4428	    112	   2072	   6612	   19d4	001_Hello_World.elf
Finished building: default.size.stdout
 
11:18:44 **** Incremental Build of configuration Debug for project 001_Hello_World ****
make -j12 all 
arm-none-eabi-gcc "../Src/main.c" -mcpu=cortex-m4 -std=gnu11 -g3 -DDEBUG -DSTM32 -DSTM32F407G_DISC1 -DSTM32F4 -DSTM32F407VGTx -c -I../Inc -O0 -ffunction-sections -fdata-sections -Wall -fstack-usage -fcyclomatic-complexity -MMD -MP -MF"Src/main.d" -MT"Src/main.o" --specs=nano.specs -mfpu=fpv4-sp-d16 -mfloat-abi=soft -mthumb -o "Src/main.o"
arm-none-eabi-gcc -o "001_Hello_World.elf" @"objects.list"   -mcpu=cortex-m4 -T"C:\Users\wardawg\Desktop\TEAM AUTOMATONS\Embedded-C\My_Workspace\target\001_Hello_World\STM32F407VGTX_FLASH.ld" --specs=nosys.specs -Wl,-Map="001_Hello_World.map" -Wl,--gc-sections -static -specs=rdimon.specs -lc -lrdimon --specs=nano.specs -mfpu=fpv4-sp-d16 -mfloat-abi=soft -mthumb -Wl,--start-group -lc -lm -Wl,--end-group
Finished building target: 001_Hello_World.elf
 
arm-none-eabi-size  001_Hello_World.elf 
arm-none-eabi-objdump -h -S 001_Hello_World.elf  > "001_Hello_World.list"
   text	   data	    bss	    dec	    hex	filename
   6288	    112	   2072	   8472	   2118	001_Hello_World.elf
Finished building: default.size.stdout
 
Finished building: 001_Hello_World.list
 
11:18:47 **** Incremental Build of configuration Debug for project 001_Hello_World ****
make -j12 all 
arm-none-eabi-size  001_Hello_World.elf 
   text	   data	    bss	    dec	    hex	filename
   6288	    112	   2072	   8472	   2118	001_Hello_World.elf
Finished building: default.size.stdout
 
23:19:11 **** Clean-only build of configuration Debug for project 001_Hello_World ****
make -j12 clean 
rm -rf ./Startup/startup_stm32f407vgtx.d ./Startup/startup_stm32f407vgtx.o
rm -rf ./Src/main.cyclo ./Src/main.d ./Src/main.o ./Src/main.su
rm -rf 001_Hello_World.elf 001_Hello_World.list 001_Hello_World.map default.size.stdout
 
23:19:11 **** Build of configuration Debug for project 001_Hello_World ****
make -j12 all 
arm-none-eabi-gcc -mcpu=cortex-m4 -g3 -DDEBUG -c -x assembler-with-cpp -MMD -MP -MF"Startup/startup_stm32f407vgtx.d" -MT"Startup/startup_stm32f407vgtx.o" --specs=nano.specs -mfpu=fpv4-sp-d16 -mfloat-abi=soft -mthumb -o "Startup/startup_stm32f407vgtx.o" "../Startup/startup_stm32f407vgtx.s"
arm-none-eabi-gcc "../Src/main.c" -mcpu=cortex-m4 -std=gnu11 -g3 -DDEBUG -DSTM32 -DSTM32F407G_DISC1 -DSTM32F4 -DSTM32F407VGTx -c -I../Inc -O0 -ffunction-sections -fdata-sections -Wall -fstack-usage -fcyclomatic-complexity -MMD -MP -MF"Src/main.d" -MT"Src/main.o" --specs=nano.specs -mfpu=fpv4-sp-d16 -mfloat-abi=soft -mthumb -o "Src/main.o"
arm-none-eabi-gcc -o "001_Hello_World.elf" @"objects.list"   -mcpu=cortex-m4 -T"C:\Users\wardawg\Desktop\TEAM AUTOMATONS\Embedded-C\My_Workspace\target\001_Hello_World\STM32F407VGTX_FLASH.ld" --specs=nosys.specs -Wl,-Map="001_Hello_World.map" -Wl,--gc-sections -static -specs=rdimon.specs -lc -lrdimon --specs=nano.specs -mfpu=fpv4-sp-d16 -mfloat-abi=soft -mthumb -Wl,--start-group -lc -lm -Wl,--end-group
Finished building target: 001_Hello_World.elf
 
arm-none-eabi-size  001_Hello_World.elf 
arm-none-eabi-objdump -h -S 001_Hello_World.elf  > "001_Hello_World.list"
   text	   data	    bss	    dec	    hex	filename
   6288	    112	   2072	   8472	   2118	001_Hello_World.elf
Finished building: default.size.stdout
 
Finished building: 001_Hello_World.list
 
23:23:41 **** Incremental Build of configuration Debug for project 001_Hello_World ****
make -j12 all 
arm-none-eabi-size  001_Hello_World.elf 
   text	   data	    bss	    dec	    hex	filename
   6288	    112	   2072	   8472	   2118	001_Hello_World.elf
Finished building: default.size.stdout
 
23:24:24 **** Incremental Build of configuration Debug for project 001_Hello_World ****
make -j12 all 
arm-none-eabi-size  001_Hello_World.elf 
   text	   data	    bss	    dec	    hex	filename
   6288	    112	   2072	   8472	   2118	001_Hello_World.elf
Finished building: default.size.stdout
 
23:24:25 **** Build of configuration Debug for project Sizeof ****
make -j12 all 
arm-none-eabi-gcc -mcpu=cortex-m4 -g3 -DDEBUG -c -x assembler-with-cpp -MMD -MP -MF"Startup/startup_stm32f407vgtx.d" -MT"Startup/startup_stm32f407vgtx.o" --specs=nano.specs -mfpu=fpv4-sp-d16 -mfloat-abi=hard -mthumb -o "Startup/startup_stm32f407vgtx.o" "../Startup/startup_stm32f407vgtx.s"
arm-none-eabi-gcc "../Src/main.c" -mcpu=cortex-m4 -std=gnu11 -g3 -DDEBUG -DSTM32 -DSTM32F407G_DISC1 -DSTM32F4 -DSTM32F407VGTx -c -I../Inc -O0 -ffunction-sections -fdata-sections -Wall -fstack-usage -fcyclomatic-complexity -MMD -MP -MF"Src/main.d" -MT"Src/main.o" --specs=nano.specs -mfpu=fpv4-sp-d16 -mfloat-abi=hard -mthumb -o "Src/main.o"
arm-none-eabi-gcc "../Src/syscalls.c" -mcpu=cortex-m4 -std=gnu11 -g3 -DDEBUG -DSTM32 -DSTM32F407G_DISC1 -DSTM32F4 -DSTM32F407VGTx -c -I../Inc -O0 -ffunction-sections -fdata-sections -Wall -fstack-usage -fcyclomatic-complexity -MMD -MP -MF"Src/syscalls.d" -MT"Src/syscalls.o" --specs=nano.specs -mfpu=fpv4-sp-d16 -mfloat-abi=hard -mthumb -o "Src/syscalls.o"
arm-none-eabi-gcc "../Src/sysmem.c" -mcpu=cortex-m4 -std=gnu11 -g3 -DDEBUG -DSTM32 -DSTM32F407G_DISC1 -DSTM32F4 -DSTM32F407VGTx -c -I../Inc -O0 -ffunction-sections -fdata-sections -Wall -fstack-usage -fcyclomatic-complexity -MMD -MP -MF"Src/sysmem.d" -MT"Src/sysmem.o" --specs=nano.specs -mfpu=fpv4-sp-d16 -mfloat-abi=hard -mthumb -o "Src/sysmem.o"
../Src/main.c:22:4: warning: #warning "FPU is not initialized, but the project is compiling for an FPU. Please initialize the FPU before use." [-Wcpp]
   22 |   #warning "FPU is not initialized, but the project is compiling for an FPU. Please initialize the FPU before use."
      |    ^~~~~~~
../Src/main.c: In function 'main':
../Src/main.c:27:9: warning: implicit declaration of function 'printf' [-Wimplicit-function-declaration]
   27 |         printf("Hello Dear\n");
      |         ^~~~~~
../Src/main.c:20:1: note: include '<stdio.h>' or provide a declaration of 'printf'
   19 | #include <stdint.h>
  +++ |+#include <stdio.h>
   20 | 
../Src/main.c:27:9: warning: incompatible implicit declaration of built-in function 'printf' [-Wbuiltin-declaration-mismatch]
   27 |         printf("Hello Dear\n");
      |         ^~~~~~
../Src/main.c:27:9: note: include '<stdio.h>' or provide a declaration of 'printf'
arm-none-eabi-gcc -o "Sizeof.elf" @"objects.list"   -mcpu=cortex-m4 -T"C:\Users\wardawg\Desktop\TEAM AUTOMATONS\Embedded-C\My_Workspace\target\Sizeof\STM32F407VGTX_FLASH.ld" --specs=nosys.specs -Wl,-Map="Sizeof.map" -Wl,--gc-sections -static -specs=rdimon.specs -lc -lrdimon --specs=nano.specs -mfpu=fpv4-sp-d16 -mfloat-abi=hard -mthumb -Wl,--start-group -lc -lm -Wl,--end-group
C:/ST/STM32CubeIDE_1.11.0/STM32CubeIDE/plugins/com.st.stm32cube.ide.mcu.externaltools.gnu-tools-for-stm32.11.3.rel1.win32_1.1.100.202309141235/tools/bin/../lib/gcc/arm-none-eabi/11.3.1/../../../../arm-none-eabi/bin/ld.exe: C:/ST/STM32CubeIDE_1.11.0/STM32CubeIDE/plugins/com.st.stm32cube.ide.mcu.externaltools.gnu-tools-for-stm32.11.3.rel1.win32_1.1.100.202309141235/tools/bin/../lib/gcc/arm-none-eabi/11.3.1/../../../../arm-none-eabi/lib/thumb/v7e-m+fp/hard\librdimon_nano.a(rdimon-syscalls.o): in function `_lseek':
(.text._lseek+0x0): multiple definition of `_lseek'; ./Src/syscalls.o:C:/Users/wardawg/Desktop/TEAM AUTOMATONS/Embedded-C/My_Workspace/target/Sizeof/Debug/../Src/syscalls.c:113: first defined here
C:/ST/STM32CubeIDE_1.11.0/STM32CubeIDE/plugins/com.st.stm32cube.ide.mcu.externaltools.gnu-tools-for-stm32.11.3.rel1.win32_1.1.100.202309141235/tools/bin/../lib/gcc/arm-none-eabi/11.3.1/../../../../arm-none-eabi/bin/ld.exe: C:/ST/STM32CubeIDE_1.11.0/STM32CubeIDE/plugins/com.st.stm32cube.ide.mcu.externaltools.gnu-tools-for-stm32.11.3.rel1.win32_1.1.100.202309141235/tools/bin/../lib/gcc/arm-none-eabi/11.3.1/../../../../arm-none-eabi/lib/thumb/v7e-m+fp/hard\librdimon_nano.a(rdimon-syscalls.o): in function `_close':
(.text._close+0x0): multiple definition of `_close'; ./Src/syscalls.o:C:/Users/wardawg/Desktop/TEAM AUTOMATONS/Embedded-C/My_Workspace/target/Sizeof/Debug/../Src/syscalls.c:93: first defined here
C:/ST/STM32CubeIDE_1.11.0/STM32CubeIDE/plugins/com.st.stm32cube.ide.mcu.externaltools.gnu-tools-for-stm32.11.3.rel1.win32_1.1.100.202309141235/tools/bin/../lib/gcc/arm-none-eabi/11.3.1/../../../../arm-none-eabi/bin/ld.exe: C:/ST/STM32CubeIDE_1.11.0/STM32CubeIDE/plugins/com.st.stm32cube.ide.mcu.externaltools.gnu-tools-for-stm32.11.3.rel1.win32_1.1.100.202309141235/tools/bin/../lib/gcc/arm-none-eabi/11.3.1/../../../../arm-none-eabi/lib/thumb/v7e-m+fp/hard\librdimon_nano.a(rdimon-syscalls.o): in function `_open':
(.text._open+0x0): multiple definition of `_open'; ./Src/syscalls.o:C:/Users/wardawg/Desktop/TEAM AUTOMATONS/Embedded-C/My_Workspace/target/Sizeof/Debug/../Src/syscalls.c:121: first defined here
C:/ST/STM32CubeIDE_1.11.0/STM32CubeIDE/plugins/com.st.stm32cube.ide.mcu.externaltools.gnu-tools-for-stm32.11.3.rel1.win32_1.1.100.202309141235/tools/bin/../lib/gcc/arm-none-eabi/11.3.1/../../../../arm-none-eabi/bin/ld.exe: C:/ST/STM32CubeIDE_1.11.0/STM32CubeIDE/plugins/com.st.stm32cube.ide.mcu.externaltools.gnu-tools-for-stm32.11.3.rel1.win32_1.1.100.202309141235/tools/bin/../lib/gcc/arm-none-eabi/11.3.1/../../../../arm-none-eabi/lib/thumb/v7e-m+fp/hard\librdimon_nano.a(rdimon-syscalls.o): in function `initialise_monitor_handles':
(.text.initialise_monitor_handles+0x0): multiple definition of `initialise_monitor_handles'; ./Src/syscalls.o:C:/Users/wardawg/Desktop/TEAM AUTOMATONS/Embedded-C/My_Workspace/target/Sizeof/Debug/../Src/syscalls.c:45: first defined here
C:/ST/STM32CubeIDE_1.11.0/STM32CubeIDE/plugins/com.st.stm32cube.ide.mcu.externaltools.gnu-tools-for-stm32.11.3.rel1.win32_1.1.100.202309141235/tools/bin/../lib/gcc/arm-none-eabi/11.3.1/../../../../arm-none-eabi/bin/ld.exe: C:/ST/STM32CubeIDE_1.11.0/STM32CubeIDE/plugins/com.st.stm32cube.ide.mcu.externaltools.gnu-tools-for-stm32.11.3.rel1.win32_1.1.100.202309141235/tools/bin/../lib/gcc/arm-none-eabi/11.3.1/../../../../arm-none-eabi/lib/thumb/v7e-m+fp/hard\librdimon_nano.a(rdimon-syscalls.o): in function `_unlink':
(.text._unlink+0x0): multiple definition of `_unlink'; ./Src/syscalls.o:C:/Users/wardawg/Desktop/TEAM AUTOMATONS/Embedded-C/My_Workspace/target/Sizeof/Debug/../Src/syscalls.c:136: first defined here
C:/ST/STM32CubeIDE_1.11.0/STM32CubeIDE/plugins/com.st.stm32cube.ide.mcu.externaltools.gnu-tools-for-stm32.11.3.rel1.win32_1.1.100.202309141235/tools/bin/../lib/gcc/arm-none-eabi/11.3.1/../../../../arm-none-eabi/bin/ld.exe: C:/ST/STM32CubeIDE_1.11.0/STM32CubeIDE/plugins/com.st.stm32cube.ide.mcu.externaltools.gnu-tools-for-stm32.11.3.rel1.win32_1.1.100.202309141235/tools/bin/../lib/gcc/arm-none-eabi/11.3.1/../../../../arm-none-eabi/lib/thumb/v7e-m+fp/hard\librdimon_nano.a(rdimon-syscalls.o): in function `_times':
(.text._times+0x0): multiple definition of `_times'; ./Src/syscalls.o:C:/Users/wardawg/Desktop/TEAM AUTOMATONS/Embedded-C/My_Workspace/target/Sizeof/Debug/../Src/syscalls.c:143: first defined here
C:/ST/STM32CubeIDE_1.11.0/STM32CubeIDE/plugins/com.st.stm32cube.ide.mcu.externaltools.gnu-tools-for-stm32.11.3.rel1.win32_1.1.100.202309141235/tools/bin/../lib/gcc/arm-none-eabi/11.3.1/../../../../arm-none-eabi/bin/ld.exe: C:/ST/STM32CubeIDE_1.11.0/STM32CubeIDE/plugins/com.st.stm32cube.ide.mcu.externaltools.gnu-tools-for-stm32.11.3.rel1.win32_1.1.100.202309141235/tools/bin/../lib/gcc/arm-none-eabi/11.3.1/../../../../arm-none-eabi/lib/thumb/v7e-m+fp/hard\librdimon_nano.a(rdimon-syscalls.o): in function `_isatty':
(.text._isatty+0x0): multiple definition of `_isatty'; ./Src/syscalls.o:C:/Users/wardawg/Desktop/TEAM AUTOMATONS/Embedded-C/My_Workspace/target/Sizeof/Debug/../Src/syscalls.c:107: first defined here
collect2.exe: error: ld returned 1 exit status
make: *** [makefile:63: Sizeof.elf] Error 1
"make -j12 all" terminated with exit code 2. Build might be incomplete.
23:24:34 **** Incremental Build of configuration Debug for project 001_Hello_World ****
make -j12 all 
arm-none-eabi-size  001_Hello_World.elf 
   text	   data	    bss	    dec	    hex	filename
   6288	    112	   2072	   8472	   2118	001_Hello_World.elf
Finished building: default.size.stdout
 
23:24:34 **** Incremental Build of configuration Debug for project Sizeof ****
make -j12 all 
arm-none-eabi-gcc "../Src/main.c" -mcpu=cortex-m4 -std=gnu11 -g3 -DDEBUG -DSTM32 -DSTM32F407G_DISC1 -DSTM32F4 -DSTM32F407VGTx -c -I../Inc -O0 -ffunction-sections -fdata-sections -Wall -fstack-usage -fcyclomatic-complexity -MMD -MP -MF"Src/main.d" -MT"Src/main.o" --specs=nano.specs -mfpu=fpv4-sp-d16 -mfloat-abi=hard -mthumb -o "Src/main.o"
../Src/main.c:22:4: warning: #warning "FPU is not initialized, but the project is compiling for an FPU. Please initialize the FPU before use." [-Wcpp]
   22 |   #warning "FPU is not initialized, but the project is compiling for an FPU. Please initialize the FPU before use."
      |    ^~~~~~~
../Src/main.c: In function 'main':
../Src/main.c:27:9: warning: implicit declaration of function 'printf' [-Wimplicit-function-declaration]
   27 |         printf("Hello Dear\n");
      |         ^~~~~~
../Src/main.c:20:1: note: include '<stdio.h>' or provide a declaration of 'printf'
   19 | #include <stdint.h>
  +++ |+#include <stdio.h>
   20 | 
../Src/main.c:27:9: warning: incompatible implicit declaration of built-in function 'printf' [-Wbuiltin-declaration-mismatch]
   27 |         printf("Hello Dear\n");
      |         ^~~~~~
../Src/main.c:27:9: note: include '<stdio.h>' or provide a declaration of 'printf'
arm-none-eabi-gcc -o "Sizeof.elf" @"objects.list"   -mcpu=cortex-m4 -T"C:\Users\wardawg\Desktop\TEAM AUTOMATONS\Embedded-C\My_Workspace\target\Sizeof\STM32F407VGTX_FLASH.ld" --specs=nosys.specs -Wl,-Map="Sizeof.map" -Wl,--gc-sections -static -specs=rdimon.specs -lc -lrdimon --specs=nano.specs -mfpu=fpv4-sp-d16 -mfloat-abi=hard -mthumb -Wl,--start-group -lc -lm -Wl,--end-group
Finished building target: Sizeof.elf
 
arm-none-eabi-size  Sizeof.elf 
arm-none-eabi-objdump -h -S Sizeof.elf  > "Sizeof.list"
   text	   data	    bss	    dec	    hex	filename
   3716	    104	   2064	   5884	   16fc	Sizeof.elf
Finished building: default.size.stdout
 
Finished building: Sizeof.list
 
23:25:21 **** Incremental Build of configuration Debug for project Sizeof ****
make -j12 all 
arm-none-eabi-size  Sizeof.elf 
   text	   data	    bss	    dec	    hex	filename
   3716	    104	   2064	   5884	   16fc	Sizeof.elf
Finished building: default.size.stdout
 
23:26:11 **** Incremental Build of configuration Debug for project Sizeof ****
make -j12 all 
arm-none-eabi-gcc "../Src/main.c" -mcpu=cortex-m4 -std=gnu11 -g3 -DDEBUG -DSTM32 -DSTM32F407G_DISC1 -DSTM32F4 -DSTM32F407VGTx -c -I../Inc -O0 -ffunction-sections -fdata-sections -Wall -fstack-usage -fcyclomatic-complexity -MMD -MP -MF"Src/main.d" -MT"Src/main.o" --specs=nano.specs -mfpu=fpv4-sp-d16 -mfloat-abi=hard -mthumb -o "Src/main.o"
../Src/main.c:22:4: warning: #warning "FPU is not initialized, but the project is compiling for an FPU. Please initialize the FPU before use." [-Wcpp]
   22 |   #warning "FPU is not initialized, but the project is compiling for an FPU. Please initialize the FPU before use."
      |    ^~~~~~~
../Src/main.c: In function 'main':
../Src/main.c:28:9: warning: implicit declaration of function 'printf' [-Wimplicit-function-declaration]
   28 |         printf("Hello Dear\n");
      |         ^~~~~~
../Src/main.c:20:1: note: include '<stdio.h>' or provide a declaration of 'printf'
   19 | #include <stdint.h>
  +++ |+#include <stdio.h>
   20 | 
../Src/main.c:28:9: warning: incompatible implicit declaration of built-in function 'printf' [-Wbuiltin-declaration-mismatch]
   28 |         printf("Hello Dear\n");
      |         ^~~~~~
../Src/main.c:28:9: note: include '<stdio.h>' or provide a declaration of 'printf'
arm-none-eabi-gcc -o "Sizeof.elf" @"objects.list"   -mcpu=cortex-m4 -T"C:\Users\wardawg\Desktop\TEAM AUTOMATONS\Embedded-C\My_Workspace\target\Sizeof\STM32F407VGTX_FLASH.ld" --specs=nosys.specs -Wl,-Map="Sizeof.map" -Wl,--gc-sections -static -specs=rdimon.specs -lc -lrdimon --specs=nano.specs -mfpu=fpv4-sp-d16 -mfloat-abi=hard -mthumb -Wl,--start-group -lc -lm -Wl,--end-group
Finished building target: Sizeof.elf
 
arm-none-eabi-size  Sizeof.elf 
arm-none-eabi-objdump -h -S Sizeof.elf  > "Sizeof.list"
   text	   data	    bss	    dec	    hex	filename
   4452	    112	   2072	   6636	   19ec	Sizeof.elf
Finished building: default.size.stdout
 
Finished building: Sizeof.list
 
23:26:21 **** Incremental Build of configuration Debug for project Sizeof ****
make -j12 all 
arm-none-eabi-size  Sizeof.elf 
   text	   data	    bss	    dec	    hex	filename
   4452	    112	   2072	   6636	   19ec	Sizeof.elf
Finished building: default.size.stdout
 
23:27:15 **** Incremental Build of configuration Debug for project Sizeof ****
make -j12 all 
arm-none-eabi-gcc -mcpu=cortex-m4 -g3 -DDEBUG -c -x assembler-with-cpp -MMD -MP -MF"Startup/startup_stm32f407vgtx.d" -MT"Startup/startup_stm32f407vgtx.o" --specs=nano.specs -mfpu=fpv4-sp-d16 -mfloat-abi=soft -mthumb -o "Startup/startup_stm32f407vgtx.o" "../Startup/startup_stm32f407vgtx.s"
arm-none-eabi-gcc "../Src/main.c" -mcpu=cortex-m4 -std=gnu11 -g3 -DDEBUG -DSTM32 -DSTM32F407G_DISC1 -DSTM32F4 -DSTM32F407VGTx -c -I../Inc -O0 -ffunction-sections -fdata-sections -Wall -fstack-usage -fcyclomatic-complexity -MMD -MP -MF"Src/main.d" -MT"Src/main.o" --specs=nano.specs -mfpu=fpv4-sp-d16 -mfloat-abi=soft -mthumb -o "Src/main.o"
../Src/main.c: In function 'main':
../Src/main.c:28:9: warning: implicit declaration of function 'printf' [-Wimplicit-function-declaration]
   28 |         printf("Hello Dear\n");
      |         ^~~~~~
../Src/main.c:20:1: note: include '<stdio.h>' or provide a declaration of 'printf'
   19 | #include <stdint.h>
  +++ |+#include <stdio.h>
   20 | 
../Src/main.c:28:9: warning: incompatible implicit declaration of built-in function 'printf' [-Wbuiltin-declaration-mismatch]
   28 |         printf("Hello Dear\n");
      |         ^~~~~~
../Src/main.c:28:9: note: include '<stdio.h>' or provide a declaration of 'printf'
arm-none-eabi-gcc -o "Sizeof.elf" @"objects.list"   -mcpu=cortex-m4 -T"C:\Users\wardawg\Desktop\TEAM AUTOMATONS\Embedded-C\My_Workspace\target\Sizeof\STM32F407VGTX_FLASH.ld" --specs=nosys.specs -Wl,-Map="Sizeof.map" -Wl,--gc-sections -static -specs=rdimon.specs -lc -lrdimon --specs=nano.specs -mfpu=fpv4-sp-d16 -mfloat-abi=soft -mthumb -Wl,--start-group -lc -lm -Wl,--end-group
Finished building target: Sizeof.elf
 
arm-none-eabi-size  Sizeof.elf 
arm-none-eabi-objdump -h -S Sizeof.elf  > "Sizeof.list"
   text	   data	    bss	    dec	    hex	filename
   4428	    112	   2072	   6612	   19d4	Sizeof.elf
Finished building: default.size.stdout
 
Finished building: Sizeof.list
 
23:27:24 **** Incremental Build of configuration Debug for project Sizeof ****
make -j12 all 
arm-none-eabi-gcc "../Src/main.c" -mcpu=cortex-m4 -std=gnu11 -g3 -DDEBUG -DSTM32 -DSTM32F407G_DISC1 -DSTM32F4 -DSTM32F407VGTx -c -I../Inc -O0 -ffunction-sections -fdata-sections -Wall -fstack-usage -fcyclomatic-complexity -MMD -MP -MF"Src/main.d" -MT"Src/main.o" --specs=nano.specs -mfpu=fpv4-sp-d16 -mfloat-abi=soft -mthumb -o "Src/main.o"
../Src/main.c: In function 'main':
../Src/main.c:29:9: warning: implicit declaration of function 'printf' [-Wimplicit-function-declaration]
   29 |         printf("Hello Dear\n");
      |         ^~~~~~
../Src/main.c:20:1: note: include '<stdio.h>' or provide a declaration of 'printf'
   19 | #include <stdint.h>
  +++ |+#include <stdio.h>
   20 | 
../Src/main.c:29:9: warning: incompatible implicit declaration of built-in function 'printf' [-Wbuiltin-declaration-mismatch]
   29 |         printf("Hello Dear\n");
      |         ^~~~~~
../Src/main.c:29:9: note: include '<stdio.h>' or provide a declaration of 'printf'
arm-none-eabi-gcc -o "Sizeof.elf" @"objects.list"   -mcpu=cortex-m4 -T"C:\Users\wardawg\Desktop\TEAM AUTOMATONS\Embedded-C\My_Workspace\target\Sizeof\STM32F407VGTX_FLASH.ld" --specs=nosys.specs -Wl,-Map="Sizeof.map" -Wl,--gc-sections -static -specs=rdimon.specs -lc -lrdimon --specs=nano.specs -mfpu=fpv4-sp-d16 -mfloat-abi=soft -mthumb -Wl,--start-group -lc -lm -Wl,--end-group
Finished building target: Sizeof.elf
 
arm-none-eabi-size  Sizeof.elf 
arm-none-eabi-objdump -h -S Sizeof.elf  > "Sizeof.list"
   text	   data	    bss	    dec	    hex	filename
   4428	    112	   2072	   6612	   19d4	Sizeof.elf
Finished building: default.size.stdout
 
Finished building: Sizeof.list
 
23:27:33 **** Incremental Build of configuration Debug for project Sizeof ****
make -j12 all 
arm-none-eabi-size  Sizeof.elf 
   text	   data	    bss	    dec	    hex	filename
   4428	    112	   2072	   6612	   19d4	Sizeof.elf
Finished building: default.size.stdout
 
23:30:20 **** Incremental Build of configuration Debug for project Sizeof ****
make -j12 all 
arm-none-eabi-gcc "../Src/main.c" -mcpu=cortex-m4 -std=gnu11 -g3 -DDEBUG -DSTM32 -DSTM32F407G_DISC1 -DSTM32F4 -DSTM32F407VGTx -c -I../Inc -O0 -ffunction-sections -fdata-sections -Wall -fstack-usage -fcyclomatic-complexity -MMD -MP -MF"Src/main.d" -MT"Src/main.o" --specs=nano.specs -mfpu=fpv4-sp-d16 -mfloat-abi=soft -mthumb -o "Src/main.o"
../Src/main.c: In function 'main':
../Src/main.c:29:9: warning: implicit declaration of function 'printf' [-Wimplicit-function-declaration]
   29 |         printf("The size of an Integer is %u\n", sizeof(int));
      |         ^~~~~~
../Src/main.c:20:1: note: include '<stdio.h>' or provide a declaration of 'printf'
   19 | #include <stdint.h>
  +++ |+#include <stdio.h>
   20 | 
../Src/main.c:29:9: warning: incompatible implicit declaration of built-in function 'printf' [-Wbuiltin-declaration-mismatch]
   29 |         printf("The size of an Integer is %u\n", sizeof(int));
      |         ^~~~~~
../Src/main.c:29:9: note: include '<stdio.h>' or provide a declaration of 'printf'
arm-none-eabi-gcc -o "Sizeof.elf" @"objects.list"   -mcpu=cortex-m4 -T"C:\Users\wardawg\Desktop\TEAM AUTOMATONS\Embedded-C\My_Workspace\target\Sizeof\STM32F407VGTX_FLASH.ld" --specs=nosys.specs -Wl,-Map="Sizeof.map" -Wl,--gc-sections -static -specs=rdimon.specs -lc -lrdimon --specs=nano.specs -mfpu=fpv4-sp-d16 -mfloat-abi=soft -mthumb -Wl,--start-group -lc -lm -Wl,--end-group
Finished building target: Sizeof.elf
 
arm-none-eabi-size  Sizeof.elf 
arm-none-eabi-objdump -h -S Sizeof.elf  > "Sizeof.list"
   text	   data	    bss	    dec	    hex	filename
   6168	    112	   2072	   8352	   20a0	Sizeof.elf
Finished building: default.size.stdout
 
Finished building: Sizeof.list
 
23:30:34 **** Incremental Build of configuration Debug for project Sizeof ****
make -j12 all 
arm-none-eabi-size  Sizeof.elf 
   text	   data	    bss	    dec	    hex	filename
   6168	    112	   2072	   8352	   20a0	Sizeof.elf
Finished building: default.size.stdout
 
23:30:38 **** Incremental Build of configuration Debug for project Sizeof ****
make -j12 all 
arm-none-eabi-size  Sizeof.elf 
   text	   data	    bss	    dec	    hex	filename
   6168	    112	   2072	   8352	   20a0	Sizeof.elf
Finished building: default.size.stdout
 
12:38:22 **** Rebuild of configuration Debug for project pointer ****
Info: Internal Builder is used for build
gcc -O0 -g3 -Wall -c -fmessage-length=0 -o main.o "..\\main.c" 
gcc -o pointer.exe main.o 
12:40:32 **** Incremental Build of configuration Debug for project pointer ****
Info: Internal Builder is used for build
gcc -O0 -g3 -Wall -c -fmessage-length=0 -o main.o "..\\main.c" 
..\main.c: In function 'main':
..\main.c:13:44: warning: format '%ld' expects argument of type 'long int', but argument 2 has type 'char *' [-Wformat=]
 printf("The address of the variable c is %ld", &c);
                                            ^
gcc -o pointer.exe main.o 
Info: Nothing to build for pointer
12:40:58 **** Incremental Build of configuration Debug for project pointer ****
Info: Internal Builder is used for build
gcc -O0 -g3 -Wall -c -fmessage-length=0 -o main.o "..\\main.c" 
..\main.c: In function 'main':
..\main.c:13:44: warning: format '%ld' expects argument of type 'long int', but argument 2 has type 'char *' [-Wformat=]
 printf("The address of the variable c is %ld\n", &c);
                                            ^
gcc -o pointer.exe main.o 
Info: Nothing to build for pointer
12:41:30 **** Incremental Build of configuration Debug for project pointer ****
Info: Internal Builder is used for build
gcc -O0 -g3 -Wall -c -fmessage-length=0 -o main.o "..\\main.c" 
..\main.c: In function 'main':
..\main.c:13:44: warning: format '%ld' expects argument of type 'long int', but argument 2 has type 'char *' [-Wformat=]
 printf("The address of the variable c is %ld\n", &c);
                                            ^
..\main.c:15:42: warning: format '%c' expects argument of type 'int', but argument 2 has type 'char *' [-Wformat=]
 printf("The data at the pointer is : -  %c\n", p);
                                          ^
gcc -o pointer.exe main.o 
12:41:58 **** Incremental Build of configuration Debug for project pointer ****
Info: Internal Builder is used for build
gcc -O0 -g3 -Wall -c -fmessage-length=0 -o main.o "..\\main.c" 
..\main.c: In function 'main':
..\main.c:13:44: warning: format '%ld' expects argument of type 'long int', but argument 2 has type 'char *' [-Wformat=]
 printf("The address of the variable c is %ld\n", &c);
                                            ^
gcc -o pointer.exe main.o 
12:42:19 **** Incremental Build of configuration Debug for project pointer ****
Info: Internal Builder is used for build
gcc -O0 -g3 -Wall -c -fmessage-length=0 -o main.o "..\\main.c" 
..\main.c: In function 'main':
..\main.c:12:10: warning: multi-character character constant [-Wmultichar]
 char c = '100';
          ^~~~~
..\main.c:12:10: warning: overflow in implicit constant conversion [-Woverflow]
..\main.c:13:44: warning: format '%ld' expects argument of type 'long int', but argument 2 has type 'char *' [-Wformat=]
 printf("The address of the variable c is %ld\n", &c);
                                            ^
gcc -o pointer.exe main.o 
12:43:29 **** Incremental Build of configuration Debug for project pointer ****
Info: Internal Builder is used for build
gcc -O0 -g3 -Wall -c -fmessage-length=0 -o main.o "..\\main.c" 
..\main.c: In function 'main':
..\main.c:13:41: warning: format '%ld' expects argument of type 'long int', but argument 2 has type 'int' [-Wformat=]
 printf("The data at the variable c is %ld\n", c);
                                         ^
..\main.c:14:44: warning: format '%ld' expects argument of type 'long int', but argument 2 has type 'char *' [-Wformat=]
 printf("The address of the variable c is %ld\n", &c);
                                            ^
..\main.c:16:42: warning: unknown conversion type character 0xa in format [-Wformat=]
 printf("The data at the pointer is : -  %\n", *p);
                                          ^
..\main.c:16:8: warning: too many arguments for format [-Wformat-extra-args]
 printf("The data at the pointer is : -  %\n", *p);
        ^~~~~~~~~~~~~~~~~~~~~~~~~~~~~~~~~~~~~
gcc -o pointer.exe main.o 
12:43:45 **** Incremental Build of configuration Debug for project pointer ****
Info: Internal Builder is used for build
gcc -O0 -g3 -Wall -c -fmessage-length=0 -o main.o "..\\main.c" 
..\main.c: In function 'main':
..\main.c:13:41: warning: format '%ld' expects argument of type 'long int', but argument 2 has type 'int' [-Wformat=]
 printf("The data at the variable c is %ld\n", c);
                                         ^
..\main.c:14:44: warning: format '%ld' expects argument of type 'long int', but argument 2 has type 'char *' [-Wformat=]
 printf("The address of the variable c is %ld\n", &c);
                                            ^
gcc -o pointer.exe main.o 
12:45:40 **** Incremental Build of configuration Debug for project pointer ****
Info: Internal Builder is used for build
gcc -O0 -g3 -Wall -c -fmessage-length=0 -o main.o "..\\main.c" 
..\main.c: In function 'main':
..\main.c:13:41: warning: format '%ld' expects argument of type 'long int', but argument 2 has type 'int' [-Wformat=]
 printf("The data at the variable c is %ld\n", c);
                                         ^
..\main.c:14:44: warning: format '%ld' expects argument of type 'long int', but argument 2 has type 'char *' [-Wformat=]
 printf("The address of the variable c is %ld\n", &c);
                                            ^
gcc -o pointer.exe main.o 
Info: Nothing to build for pointer
